================================================================================
            SMARTPHONE INTELLIGENT DEAD RECKONING (SIH)            
               PRODUCTION 15-STATE ES-EKF BENCHMARK SWEEP              
================================================================================
Hardware Acceleration: cuda (NVIDIA GeForce RTX 4060 Laptop GPU)

Precomputing Neural Velocity Inferences on GPU...

Executing Production 15-State ES-EKF Benchmark Evaluation...
  [ 1/50] (  2%) rand_bo_01_75s_at_1956s          old=  30.09% ( 289.6m) -> new= 204.58% (1969.0m)
  [ 2/50] (  4%) rand_bo_02_34s_at_4810s          old= 806.03% (  46.2m) -> new=1008.93% (  57.8m)
  [ 3/50] (  6%) rand_bo_03_56s_at_3727s          old=   7.10% (  39.0m) -> new= 114.55% ( 629.4m)
  [ 4/50] (  8%) rand_bo_04_61s_at_3066s          old= 145.05% ( 443.0m) -> new=  97.78% ( 298.6m)
  [ 5/50] ( 10%) rand_bo_05_23s_at_873s           old=  37.55% (  69.4m) -> new=  68.37% ( 126.4m)
  [ 6/50] ( 12%) rand_bo_06_63s_at_873s           old=  53.39% ( 177.7m) -> new=  52.18% ( 173.7m)
  [ 7/50] ( 14%) rand_bo_07_32s_at_388s           old=  16.69% (  63.1m) -> new=  98.40% ( 371.9m)
  [ 8/50] ( 16%) rand_bo_08_25s_at_4391s          old= 104.64% (  88.3m) -> new= 172.07% ( 145.2m)
  [ 9/50] ( 18%) rand_bo_09_86s_at_3078s          old= 134.95% ( 530.9m) -> new= 116.62% ( 458.8m)
  [10/50] ( 20%) rand_bo_10_88s_at_3608s          old=  58.02% ( 285.3m) -> new=  77.08% ( 379.0m)
  [11/50] ( 22%) rand_bo_11_77s_at_202s           old=  51.70% ( 465.8m) -> new=  62.91% ( 566.7m)
  [12/50] ( 24%) rand_bo_12_41s_at_4905s          old=  18.89% (  50.0m) -> new= 278.67% ( 738.2m)
  [13/50] ( 26%) rand_bo_13_27s_at_4224s          old=  87.21% ( 108.6m) -> new= 441.49% ( 549.8m)
  [14/50] ( 28%) rand_bo_14_68s_at_1152s          old=  58.11% ( 253.0m) -> new= 206.97% ( 901.3m)
  [15/50] ( 30%) rand_bo_15_51s_at_1001s          old= 123.44% ( 435.8m) -> new= 120.37% ( 425.0m)
  [16/50] ( 32%) rand_bo_16_29s_at_1009s          old=  26.50% (  58.5m) -> new= 144.00% ( 317.8m)
  [17/50] ( 34%) rand_bo_17_55s_at_1607s          old= 175.03% ( 356.6m) -> new= 171.50% ( 349.5m)
  [18/50] ( 36%) rand_bo_18_22s_at_2700s          old=  10.37% (  21.4m) -> new= 230.25% ( 474.0m)
  [19/50] ( 38%) rand_bo_19_84s_at_2240s          old=  46.40% ( 319.4m) -> new=  56.94% ( 392.0m)
  [20/50] ( 40%) rand_bo_20_38s_at_1543s          old=  52.34% ( 100.3m) -> new= 106.17% ( 203.5m)
  [21/50] ( 42%) rand_bo_21_66s_at_3131s          old= 153.81% ( 386.4m) -> new= 144.13% ( 362.1m)
  [22/50] ( 44%) rand_bo_22_42s_at_791s           old= 183.08% ( 495.9m) -> new= 189.40% ( 513.0m)
  [23/50] ( 46%) rand_bo_23_56s_at_1547s          old=  92.75% ( 188.5m) -> new=  91.31% ( 185.6m)
  [24/50] ( 48%) rand_bo_24_58s_at_1915s          old=  14.91% (  94.3m) -> new= 218.01% (1378.1m)
  [25/50] ( 50%) rand_bo_25_33s_at_2360s          old=  85.90% ( 222.6m) -> new= 201.50% ( 522.1m)
  [26/50] ( 52%) rand_bo_01_71s_at_8989s          old=  58.52% ( 924.7m) -> new= 167.70% (2649.9m)
