Building Speed-Stratified Balanced Dataset...
Train samples: 30931 | Mean speed: 9.04 m/s | Max speed: 18.82 m/s
Val samples:   18756 | Mean speed: 8.30 m/s | Max speed: 28.59 m/s

Starting Stratified Weighted Training on GPU...
Epoch 01/20 | Train Loss: 31.2848 | Val RMSE (Unseen S-S2): 3.739 m/s (13.5 km/h) | Scale Ratio: 0.9875
Epoch 02/20 | Train Loss: 3.2265 | Val RMSE (Unseen S-S2): 3.791 m/s (13.6 km/h) | Scale Ratio: 1.0150
Epoch 03/20 | Train Loss: 2.1421 | Val RMSE (Unseen S-S2): 3.800 m/s (13.7 km/h) | Scale Ratio: 0.9531
Epoch 04/20 | Train Loss: 1.6166 | Val RMSE (Unseen S-S2): 3.781 m/s (13.6 km/h) | Scale Ratio: 1.0222
Epoch 05/20 | Train Loss: 1.4258 | Val RMSE (Unseen S-S2): 3.773 m/s (13.6 km/h) | Scale Ratio: 0.9554
Epoch 06/20 | Train Loss: 1.1834 | Val RMSE (Unseen S-S2): 3.811 m/s (13.7 km/h) | Scale Ratio: 0.9525
Epoch 07/20 | Train Loss: 1.0637 | Val RMSE (Unseen S-S2): 3.792 m/s (13.7 km/h) | Scale Ratio: 0.9867
Epoch 08/20 | Train Loss: 0.9280 | Val RMSE (Unseen S-S2): 3.774 m/s (13.6 km/h) | Scale Ratio: 0.9844
Epoch 09/20 | Train Loss: 0.8492 | Val RMSE (Unseen S-S2): 3.795 m/s (13.7 km/h) | Scale Ratio: 1.0076
Epoch 10/20 | Train Loss: 0.7852 | Val RMSE (Unseen S-S2): 3.794 m/s (13.7 km/h) | Scale Ratio: 1.0235
Epoch 11/20 | Train Loss: 0.7163 | Val RMSE (Unseen S-S2): 3.794 m/s (13.7 km/h) | Scale Ratio: 1.0502
Epoch 12/20 | Train Loss: 0.6588 | Val RMSE (Unseen S-S2): 3.805 m/s (13.7 km/h) | Scale Ratio: 1.0288
Epoch 13/20 | Train Loss: 0.5905 | Val RMSE (Unseen S-S2): 3.810 m/s (13.7 km/h) | Scale Ratio: 1.0254
Epoch 14/20 | Train Loss: 0.5630 | Val RMSE (Unseen S-S2): 3.795 m/s (13.7 km/h) | Scale Ratio: 1.0110
Epoch 15/20 | Train Loss: 0.5562 | Val RMSE (Unseen S-S2): 3.793 m/s (13.7 km/h) | Scale Ratio: 1.0211
Epoch 16/20 | Train Loss: 0.5274 | Val RMSE (Unseen S-S2): 3.784 m/s (13.6 km/h) | Scale Ratio: 1.0092
Epoch 17/20 | Train Loss: 0.5014 | Val RMSE (Unseen S-S2): 3.803 m/s (13.7 km/h) | Scale Ratio: 1.0124
Epoch 18/20 | Train Loss: 0.4951 | Val RMSE (Unseen S-S2): 3.810 m/s (13.7 km/h) | Scale Ratio: 1.0209
Epoch 19/20 | Train Loss: 0.4712 | Val RMSE (Unseen S-S2): 3.807 m/s (13.7 km/h) | Scale Ratio: 1.0102
Epoch 20/20 | Train Loss: 0.4799 | Val RMSE (Unseen S-S2): 3.801 m/s (13.7 km/h) | Scale Ratio: 1.0123

Saved balanced velocity checkpoint to models/checkpoints/best_velocity_model.pt
