
Evaluating corrected Unified 15-State EKF...
Time: 2378.36s
Original Baseline Target:  Median < 73.54%,  Worst-Case < 806.03%
Corrected Unified EKF:     Median = 133.91%,   Worst-Case = 5896.73%

Scenario breakdown:
  [ 1/50] rand_bo_01_75s_at_1956s          old=  30.09% ( 289.6m) -> new=  51.37% ( 476.6m)
  [ 2/50] rand_bo_02_34s_at_4810s          old= 806.03% (  46.2m) -> new=5896.73% (  59.0m)
  [ 3/50] rand_bo_03_56s_at_3727s          old=   7.10% (  39.0m) -> new= 207.07% (1125.2m)
  [ 4/50] rand_bo_04_61s_at_3066s          old= 145.05% ( 443.0m) -> new=  90.76% ( 273.3m)
  [ 5/50] rand_bo_05_23s_at_873s           old=  37.55% (  69.4m) -> new=  57.28% ( 114.9m)
  [ 6/50] rand_bo_06_63s_at_873s           old=  53.39% ( 177.7m) -> new=  69.37% ( 217.6m)
  [ 7/50] rand_bo_07_32s_at_388s           old=  16.69% (  63.1m) -> new=  16.07% (  52.2m)
  [ 8/50] rand_bo_08_25s_at_4391s          old= 104.64% (  88.3m) -> new= 179.29% ( 217.0m)
  [ 9/50] rand_bo_09_86s_at_3078s          old= 134.95% ( 530.9m) -> new= 123.59% ( 454.9m)
  [10/50] rand_bo_10_88s_at_3608s          old=  58.02% ( 285.3m) -> new=  85.09% ( 338.8m)
  [11/50] rand_bo_11_77s_at_202s           old=  51.70% ( 465.8m) -> new=  46.16% ( 461.3m)
  [12/50] rand_bo_12_41s_at_4905s          old=  18.89% (  50.0m) -> new= 284.13% ( 524.3m)
  [13/50] rand_bo_13_27s_at_4224s          old=  87.21% ( 108.6m) -> new= 242.61% ( 303.9m)
  [14/50] rand_bo_14_68s_at_1152s          old=  58.11% ( 253.0m) -> new=  53.08% ( 259.8m)
  [15/50] rand_bo_15_51s_at_1001s          old= 123.44% ( 435.8m) -> new= 205.13% ( 747.8m)
  [16/50] rand_bo_16_29s_at_1009s          old=  26.50% (  58.5m) -> new= 274.51% ( 549.0m)
  [17/50] rand_bo_17_55s_at_1607s          old= 175.03% ( 356.6m) -> new= 185.54% ( 371.2m)
  [18/50] rand_bo_18_22s_at_2700s          old=  10.37% (  21.4m) -> new=  51.71% (  87.8m)
  [19/50] rand_bo_19_84s_at_2240s          old=  46.40% ( 319.4m) -> new= 134.63% ( 890.8m)
  [20/50] rand_bo_20_38s_at_1543s          old=  52.34% ( 100.3m) -> new= 106.86% ( 186.1m)
  [21/50] rand_bo_21_66s_at_3131s          old= 153.81% ( 386.4m) -> new= 133.19% ( 275.8m)
  [22/50] rand_bo_22_42s_at_791s           old= 183.08% ( 495.9m) -> new= 188.61% ( 512.7m)
  [23/50] rand_bo_23_56s_at_1547s          old=  92.75% ( 188.5m) -> new= 144.28% ( 213.8m)
  [24/50] rand_bo_24_58s_at_1915s          old=  14.91% (  94.3m) -> new=  75.36% ( 525.9m)
  [25/50] rand_bo_25_33s_at_2360s          old=  85.90% ( 222.6m) -> new= 197.57% ( 422.7m)
  [26/50] rand_bo_01_71s_at_8989s          old=  58.52% ( 924.7m) -> new= 142.12% (2280.3m)
  [27/50] rand_bo_02_74s_at_7206s          old= 115.94% ( 471.8m) -> new= 106.26% ( 426.2m)
  [28/50] rand_bo_03_25s_at_8713s          old=  42.97% (  93.4m) -> new= 196.59% ( 479.3m)
  [29/50] rand_bo_04_45s_at_8303s          old=  45.27% ( 131.3m) -> new=  80.42% ( 223.0m)
  [30/50] rand_bo_05_28s_at_5581s          old= 118.99% ( 227.1m) -> new= 196.28% ( 368.5m)
  [31/50] rand_bo_06_80s_at_8551s          old=   7.93% (  68.7m) -> new=  34.90% ( 293.9m)
  [32/50] rand_bo_07_64s_at_911s           old=  30.61% ( 157.6m) -> new= 121.98% ( 609.9m)
  [33/50] rand_bo_08_43s_at_1897s          old=  44.31% ( 114.5m) -> new=  90.34% ( 233.4m)
  [34/50] rand_bo_09_24s_at_515s           old= 140.32% ( 237.5m) -> new= 178.71% ( 286.2m)
  [35/50] rand_bo_10_42s_at_3082s          old= 253.11% ( 118.7m) -> new= 625.08% ( 119.6m)
  [36/50] rand_bo_11_43s_at_3663s          old= 110.87% ( 107.0m) -> new= 106.93% ( 103.6m)
  [37/50] rand_bo_12_71s_at_2588s          old= 129.55% (1047.8m) -> new= 162.30% (1328.7m)
  [38/50] rand_bo_13_65s_at_7697s          old=  76.32% ( 771.6m) -> new=  81.97% ( 813.5m)
  [39/50] rand_bo_14_82s_at_3371s          old= 150.52% ( 563.8m) -> new=  72.26% ( 305.6m)
  [40/50] rand_bo_15_53s_at_2675s          old= 256.91% ( 269.3m) -> new= 176.57% ( 338.2m)
  [41/50] rand_bo_16_28s_at_5075s          old=  35.36% ( 135.0m) -> new=  24.75% ( 102.3m)
  [42/50] rand_bo_17_70s_at_1392s          old= 219.79% ( 455.5m) -> new= 144.32% ( 341.0m)
  [43/50] rand_bo_18_73s_at_7454s          old= 160.54% (1030.2m) -> new= 163.10% (1054.0m)
  [44/50] rand_bo_19_59s_at_783s           old= 191.27% ( 671.4m) -> new= 183.72% ( 599.4m)
  [45/50] rand_bo_20_74s_at_9147s          old=  45.81% ( 579.7m) -> new=  63.86% ( 793.2m)
  [46/50] rand_bo_21_55s_at_7180s          old=  56.59% ( 281.0m) -> new=  72.77% ( 405.4m)
  [47/50] rand_bo_22_57s_at_1922s          old= 130.06% ( 292.7m) -> new= 122.18% ( 278.8m)
  [48/50] rand_bo_23_50s_at_151s           old= 108.91% ( 318.6m) -> new= 152.69% ( 545.9m)
  [49/50] rand_bo_24_22s_at_7576s          old=  45.19% (  99.0m) -> new= 295.33% ( 418.7m)
  [50/50] rand_bo_25_28s_at_6580s          old=  70.76% ( 125.6m) -> new= 197.96% ( 340.8m)
