================================================================================
            SMARTPHONE INTELLIGENT DEAD RECKONING (SIH)            
               PRODUCTION 15-STATE ES-EKF BENCHMARK SWEEP              
================================================================================
Hardware Acceleration: cuda (NVIDIA GeForce RTX 4060 Laptop GPU)

Precomputing Neural Velocity Inferences on GPU...

Executing Production 15-State ES-EKF Benchmark Evaluation...
  [ 1/50] (  2%) rand_bo_01_75s_at_1956s          old=  30.09% ( 289.6m) -> new= 210.56% (2026.6m)
  [ 2/50] (  4%) rand_bo_02_34s_at_4810s          old= 806.03% (  46.2m) -> new=1015.78% (  58.2m)
  [ 3/50] (  6%) rand_bo_03_56s_at_3727s          old=   7.10% (  39.0m) -> new= 118.02% ( 648.4m)
  [ 4/50] (  8%) rand_bo_04_61s_at_3066s          old= 145.05% ( 443.0m) -> new= 102.00% ( 311.5m)
  [ 5/50] ( 10%) rand_bo_05_23s_at_873s           old=  37.55% (  69.4m) -> new=  68.82% ( 127.2m)
  [ 6/50] ( 12%) rand_bo_06_63s_at_873s           old=  53.39% ( 177.7m) -> new=  52.95% ( 176.2m)
  [ 7/50] ( 14%) rand_bo_07_32s_at_388s           old=  16.69% (  63.1m) -> new=  97.58% ( 368.8m)
  [ 8/50] ( 16%) rand_bo_08_25s_at_4391s          old= 104.64% (  88.3m) -> new= 170.09% ( 143.5m)
  [ 9/50] ( 18%) rand_bo_09_86s_at_3078s          old= 134.95% ( 530.9m) -> new= 121.64% ( 478.5m)
  [10/50] ( 20%) rand_bo_10_88s_at_3608s          old=  58.02% ( 285.3m) -> new=  72.78% ( 357.9m)
  [11/50] ( 22%) rand_bo_11_77s_at_202s           old=  51.70% ( 465.8m) -> new=  61.03% ( 549.9m)
  [12/50] ( 24%) rand_bo_12_41s_at_4905s          old=  18.89% (  50.0m) -> new= 278.49% ( 737.7m)
  [13/50] ( 26%) rand_bo_13_27s_at_4224s          old=  87.21% ( 108.6m) -> new= 439.16% ( 547.0m)
  [14/50] ( 28%) rand_bo_14_68s_at_1152s          old=  58.11% ( 253.0m) -> new= 206.99% ( 901.4m)
  [15/50] ( 30%) rand_bo_15_51s_at_1001s          old= 123.44% ( 435.8m) -> new= 120.76% ( 426.4m)
  [16/50] ( 32%) rand_bo_16_29s_at_1009s          old=  26.50% (  58.5m) -> new= 144.44% ( 318.8m)
