
Evaluating Rapid Speed Scale Adaptation + Gravity-Aligned EKF...
  [ 1/50] (  2%) rand_bo_01_75s_at_1956s          old=  30.09% ( 289.6m) -> new=  29.60% ( 284.9m)
  [ 2/50] (  4%) rand_bo_02_34s_at_4810s          old= 806.03% (  46.2m) -> new= 572.03% (  32.8m)
  [ 3/50] (  6%) rand_bo_03_56s_at_3727s          old=   7.10% (  39.0m) -> new=  28.83% ( 158.4m)
  [ 4/50] (  8%) rand_bo_04_61s_at_3066s          old= 145.05% ( 443.0m) -> new=  87.82% ( 268.2m)
  [ 5/50] ( 10%) rand_bo_05_23s_at_873s           old=  37.55% (  69.4m) -> new=  70.08% ( 129.5m)
  [ 6/50] ( 12%) rand_bo_06_63s_at_873s           old=  53.39% ( 177.7m) -> new=  67.96% ( 226.2m)
  [ 7/50] ( 14%) rand_bo_07_32s_at_388s           old=  16.69% (  63.1m) -> new=  53.44% ( 202.0m)
  [ 8/50] ( 16%) rand_bo_08_25s_at_4391s          old= 104.64% (  88.3m) -> new= 160.97% ( 135.8m)
  [ 9/50] ( 18%) rand_bo_09_86s_at_3078s          old= 134.95% ( 530.9m) -> new=  83.76% ( 329.5m)
  [10/50] ( 20%) rand_bo_10_88s_at_3608s          old=  58.02% ( 285.3m) -> new= 106.97% ( 525.9m)
  [11/50] ( 22%) rand_bo_11_77s_at_202s           old=  51.70% ( 465.8m) -> new=  37.03% ( 333.6m)
  [12/50] ( 24%) rand_bo_12_41s_at_4905s          old=  18.89% (  50.0m) -> new= 239.66% ( 634.8m)
  [13/50] ( 26%) rand_bo_13_27s_at_4224s          old=  87.21% ( 108.6m) -> new= 375.49% ( 467.6m)
  [14/50] ( 28%) rand_bo_14_68s_at_1152s          old=  58.11% ( 253.0m) -> new=  28.81% ( 125.5m)
  [15/50] ( 30%) rand_bo_15_51s_at_1001s          old= 123.44% ( 435.8m) -> new= 160.99% ( 568.4m)
  [16/50] ( 32%) rand_bo_16_29s_at_1009s          old=  26.50% (  58.5m) -> new= 185.57% ( 409.6m)
  [17/50] ( 34%) rand_bo_17_55s_at_1607s          old= 175.03% ( 356.6m) -> new= 223.64% ( 455.7m)
  [18/50] ( 36%) rand_bo_18_22s_at_2700s          old=  10.37% (  21.4m) -> new= 130.66% ( 269.0m)
  [19/50] ( 38%) rand_bo_19_84s_at_2240s          old=  46.40% ( 319.4m) -> new=  89.29% ( 614.7m)
  [20/50] ( 40%) rand_bo_20_38s_at_1543s          old=  52.34% ( 100.3m) -> new= 232.32% ( 445.2m)
  [21/50] ( 42%) rand_bo_21_66s_at_3131s          old= 153.81% ( 386.4m) -> new=  95.56% ( 240.1m)
  [22/50] ( 44%) rand_bo_22_42s_at_791s           old= 183.08% ( 495.9m) -> new= 177.89% ( 481.9m)
  [23/50] ( 46%) rand_bo_23_56s_at_1547s          old=  92.75% ( 188.5m) -> new= 201.20% ( 409.0m)
  [24/50] ( 48%) rand_bo_24_58s_at_1915s          old=  14.91% (  94.3m) -> new=  51.07% ( 322.8m)
