================================================================================
            SMARTPHONE INTELLIGENT DEAD RECKONING (SIH)            
               PRODUCTION 15-STATE ES-EKF BENCHMARK SWEEP              
================================================================================
Hardware Acceleration: cuda (NVIDIA GeForce RTX 4060 Laptop GPU)

Precomputing Neural Velocity Inferences on GPU...

Executing Production 15-State ES-EKF Benchmark Evaluation...
  [ 1/50] (  2%) rand_bo_01_75s_at_1956s          old=  30.09% ( 289.6m) -> new= 181.03% (1742.3m)
  [ 2/50] (  4%) rand_bo_02_34s_at_4810s          old= 806.03% (  46.2m) -> new=  86.96% (   5.0m)
  [ 3/50] (  6%) rand_bo_03_56s_at_3727s          old=   7.10% (  39.0m) -> new= 135.53% ( 744.7m)
  [ 4/50] (  8%) rand_bo_04_61s_at_3066s          old= 145.05% ( 443.0m) -> new=  91.71% ( 280.1m)
  [ 5/50] ( 10%) rand_bo_05_23s_at_873s           old=  37.55% (  69.4m) -> new=  94.62% ( 174.9m)
  [ 6/50] ( 12%) rand_bo_06_63s_at_873s           old=  53.39% ( 177.7m) -> new=  70.78% ( 235.6m)
  [ 7/50] ( 14%) rand_bo_07_32s_at_388s           old=  16.69% (  63.1m) -> new= 111.77% ( 422.5m)
  [ 8/50] ( 16%) rand_bo_08_25s_at_4391s          old= 104.64% (  88.3m) -> new=  68.80% (  58.0m)
  [ 9/50] ( 18%) rand_bo_09_86s_at_3078s          old= 134.95% ( 530.9m) -> new= 111.63% ( 439.1m)
  [10/50] ( 20%) rand_bo_10_88s_at_3608s          old=  58.02% ( 285.3m) -> new=  40.85% ( 200.8m)
  [11/50] ( 22%) rand_bo_11_77s_at_202s           old=  51.70% ( 465.8m) -> new=  90.34% ( 813.9m)
  [12/50] ( 24%) rand_bo_12_41s_at_4905s          old=  18.89% (  50.0m) -> new= 237.10% ( 628.0m)
  [13/50] ( 26%) rand_bo_13_27s_at_4224s          old=  87.21% ( 108.6m) -> new= 117.32% ( 146.1m)
  [14/50] ( 28%) rand_bo_14_68s_at_1152s          old=  58.11% ( 253.0m) -> new= 129.85% ( 565.5m)
  [15/50] ( 30%) rand_bo_15_51s_at_1001s          old= 123.44% ( 435.8m) -> new=  65.14% ( 230.0m)
  [16/50] ( 32%) rand_bo_16_29s_at_1009s          old=  26.50% (  58.5m) -> new=  53.80% ( 118.7m)
  [17/50] ( 34%) rand_bo_17_55s_at_1607s          old= 175.03% ( 356.6m) -> new= 192.06% ( 391.3m)
  [18/50] ( 36%) rand_bo_18_22s_at_2700s          old=  10.37% (  21.4m) -> new= 202.13% ( 416.1m)
  [19/50] ( 38%) rand_bo_19_84s_at_2240s          old=  46.40% ( 319.4m) -> new=  48.16% ( 331.5m)
  [20/50] ( 40%) rand_bo_20_38s_at_1543s          old=  52.34% ( 100.3m) -> new=  50.71% (  97.2m)
  [21/50] ( 42%) rand_bo_21_66s_at_3131s          old= 153.81% ( 386.4m) -> new= 134.93% ( 339.0m)
  [22/50] ( 44%) rand_bo_22_42s_at_791s           old= 183.08% ( 495.9m) -> new= 178.10% ( 482.4m)
  [23/50] ( 46%) rand_bo_23_56s_at_1547s          old=  92.75% ( 188.5m) -> new=  43.02% (  87.5m)
  [24/50] ( 48%) rand_bo_24_58s_at_1915s          old=  14.91% (  94.3m) -> new= 167.44% (1058.5m)
  [25/50] ( 50%) rand_bo_25_33s_at_2360s          old=  85.90% ( 222.6m) -> new= 182.21% ( 472.2m)
  [26/50] ( 52%) rand_bo_01_71s_at_8989s          old=  58.52% ( 924.7m) -> new= 158.98% (2512.0m)
  [27/50] ( 54%) rand_bo_02_74s_at_7206s          old= 115.94% ( 471.8m) -> new= 188.94% ( 768.9m)
  [28/50] ( 56%) rand_bo_03_25s_at_8713s          old=  42.97% (  93.4m) -> new= 173.32% ( 377.0m)
  [29/50] ( 58%) rand_bo_04_45s_at_8303s          old=  45.27% ( 131.3m) -> new= 195.65% ( 567.6m)
  [30/50] ( 60%) rand_bo_05_28s_at_5581s          old= 118.99% ( 227.1m) -> new= 258.41% ( 493.1m)
  [31/50] ( 62%) rand_bo_06_80s_at_8551s          old=   7.93% (  68.7m) -> new= 109.60% ( 949.6m)
  [32/50] ( 64%) rand_bo_07_64s_at_911s           old=  30.61% ( 157.6m) -> new= 206.49% (1063.0m)
  [33/50] ( 66%) rand_bo_08_43s_at_1897s          old=  44.31% ( 114.5m) -> new=  48.75% ( 126.0m)
  [34/50] ( 68%) rand_bo_09_24s_at_515s           old= 140.32% ( 237.5m) -> new=  58.24% (  98.6m)
  [35/50] ( 70%) rand_bo_10_42s_at_3082s          old= 253.11% ( 118.7m) -> new= 195.33% (  91.6m)
  [36/50] ( 72%) rand_bo_11_43s_at_3663s          old= 110.87% ( 107.0m) -> new= 121.72% ( 117.4m)
  [37/50] ( 74%) rand_bo_12_71s_at_2588s          old= 129.55% (1047.8m) -> new= 158.03% (1278.2m)
  [38/50] ( 76%) rand_bo_13_65s_at_7697s          old=  76.32% ( 771.6m) -> new= 132.04% (1335.0m)
  [39/50] ( 78%) rand_bo_14_82s_at_3371s          old= 150.52% ( 563.8m) -> new= 212.38% ( 795.5m)
  [40/50] ( 80%) rand_bo_15_53s_at_2675s          old= 256.91% ( 269.3m) -> new= 233.92% ( 245.2m)
  [41/50] ( 82%) rand_bo_16_28s_at_5075s          old=  35.36% ( 135.0m) -> new=  67.89% ( 259.1m)
  [42/50] ( 84%) rand_bo_17_70s_at_1392s          old= 219.79% ( 455.5m) -> new= 255.58% ( 529.6m)
  [43/50] ( 86%) rand_bo_18_73s_at_7454s          old= 160.54% (1030.2m) -> new= 102.08% ( 655.1m)
  [44/50] ( 88%) rand_bo_19_59s_at_783s           old= 191.27% ( 671.4m) -> new= 193.41% ( 679.0m)
  [45/50] ( 90%) rand_bo_20_74s_at_9147s          old=  45.81% ( 579.7m) -> new= 173.38% (2193.8m)
  [46/50] ( 92%) rand_bo_21_55s_at_7180s          old=  56.59% ( 281.0m) -> new= 133.16% ( 661.1m)
  [47/50] ( 94%) rand_bo_22_57s_at_1922s          old= 130.06% ( 292.7m) -> new= 118.65% ( 267.0m)
  [48/50] ( 96%) rand_bo_23_50s_at_151s           old= 108.91% ( 318.6m) -> new= 150.06% ( 439.0m)
  [49/50] ( 98%) rand_bo_24_22s_at_7576s          old=  45.19% (  99.0m) -> new= 154.37% ( 338.2m)
  [50/50] (100%) rand_bo_25_28s_at_6580s          old=  70.76% ( 125.6m) -> new=  75.04% ( 133.2m)

================================================================================
                       BENCHMARK SWEEP FINAL RESULTS                       
================================================================================
 Target Baseline Requirements: Combined Median < 73.54%,  Worst-Case < 806.03%
 Production 15-State ES-EKF:  Combined Median = 132.60%,   Worst-Case = 258.41%
================================================================================
 Completed in 443.57 seconds.
