
Evaluating physical rest detector & position-uncorrupted EKF...
Time: 209.63s
Original Baseline Target:  Median < 73.54%,  Worst-Case < 806.03%
Physical Rest EKF:         Median = 116.05%,   Worst-Case = 2887.85%

Scenario breakdown:
  [ 1/50] rand_bo_01_75s_at_1956s          old=  30.09% ( 289.6m) -> new=  35.48% ( 329.1m)
  [ 2/50] rand_bo_02_34s_at_4810s          old= 806.03% (  46.2m) -> new=2887.85% (  28.9m)
  [ 3/50] rand_bo_03_56s_at_3727s          old=   7.10% (  39.0m) -> new= 205.88% (1118.7m)
  [ 4/50] rand_bo_04_61s_at_3066s          old= 145.05% ( 443.0m) -> new=  83.36% ( 251.0m)
  [ 5/50] rand_bo_05_23s_at_873s           old=  37.55% (  69.4m) -> new=  54.87% ( 110.1m)
  [ 6/50] rand_bo_06_63s_at_873s           old=  53.39% ( 177.7m) -> new=  65.16% ( 204.4m)
  [ 7/50] rand_bo_07_32s_at_388s           old=  16.69% (  63.1m) -> new=  14.80% (  48.1m)
  [ 8/50] rand_bo_08_25s_at_4391s          old= 104.64% (  88.3m) -> new= 159.94% ( 193.6m)
  [ 9/50] rand_bo_09_86s_at_3078s          old= 134.95% ( 530.9m) -> new= 106.97% ( 393.7m)
  [10/50] rand_bo_10_88s_at_3608s          old=  58.02% ( 285.3m) -> new=  88.39% ( 352.0m)
  [11/50] rand_bo_11_77s_at_202s           old=  51.70% ( 465.8m) -> new=  49.80% ( 497.7m)
  [12/50] rand_bo_12_41s_at_4905s          old=  18.89% (  50.0m) -> new= 271.81% ( 501.5m)
  [13/50] rand_bo_13_27s_at_4224s          old=  87.21% ( 108.6m) -> new= 237.01% ( 296.9m)
  [14/50] rand_bo_14_68s_at_1152s          old=  58.11% ( 253.0m) -> new=  43.25% ( 211.7m)
  [15/50] rand_bo_15_51s_at_1001s          old= 123.44% ( 435.8m) -> new= 196.97% ( 718.1m)
  [16/50] rand_bo_16_29s_at_1009s          old=  26.50% (  58.5m) -> new= 265.66% ( 531.3m)
  [17/50] rand_bo_17_55s_at_1607s          old= 175.03% ( 356.6m) -> new= 175.76% ( 351.6m)
  [18/50] rand_bo_18_22s_at_2700s          old=  10.37% (  21.4m) -> new=  61.60% ( 104.6m)
  [19/50] rand_bo_19_84s_at_2240s          old=  46.40% ( 319.4m) -> new= 119.94% ( 793.7m)
  [20/50] rand_bo_20_38s_at_1543s          old=  52.34% ( 100.3m) -> new=  88.20% ( 153.6m)
  [21/50] rand_bo_21_66s_at_3131s          old= 153.81% ( 386.4m) -> new= 107.85% ( 223.3m)
  [22/50] rand_bo_22_42s_at_791s           old= 183.08% ( 495.9m) -> new= 188.71% ( 513.0m)
  [23/50] rand_bo_23_56s_at_1547s          old=  92.75% ( 188.5m) -> new= 109.28% ( 162.0m)
  [24/50] rand_bo_24_58s_at_1915s          old=  14.91% (  94.3m) -> new=  60.04% ( 419.0m)
  [25/50] rand_bo_25_33s_at_2360s          old=  85.90% ( 222.6m) -> new= 205.60% ( 439.9m)
  [26/50] rand_bo_01_71s_at_8989s          old=  58.52% ( 924.7m) -> new= 128.34% (2059.2m)
  [27/50] rand_bo_02_74s_at_7206s          old= 115.94% ( 471.8m) -> new=  88.90% ( 356.6m)
  [28/50] rand_bo_03_25s_at_8713s          old=  42.97% (  93.4m) -> new= 181.64% ( 442.8m)
  [29/50] rand_bo_04_45s_at_8303s          old=  45.27% ( 131.3m) -> new= 134.92% ( 374.1m)
  [30/50] rand_bo_05_28s_at_5581s          old= 118.99% ( 227.1m) -> new= 222.62% ( 418.0m)
  [31/50] rand_bo_06_80s_at_8551s          old=   7.93% (  68.7m) -> new= 104.24% ( 878.1m)
  [32/50] rand_bo_07_64s_at_911s           old=  30.61% ( 157.6m) -> new= 106.97% ( 534.8m)
  [33/50] rand_bo_08_43s_at_1897s          old=  44.31% ( 114.5m) -> new=  72.92% ( 188.4m)
  [34/50] rand_bo_09_24s_at_515s           old= 140.32% ( 237.5m) -> new= 164.29% ( 263.1m)
  [35/50] rand_bo_10_42s_at_3082s          old= 253.11% ( 118.7m) -> new= 276.67% (  52.9m)
  [36/50] rand_bo_11_43s_at_3663s          old= 110.87% ( 107.0m) -> new= 145.01% ( 140.5m)
  [37/50] rand_bo_12_71s_at_2588s          old= 129.55% (1047.8m) -> new= 173.87% (1423.3m)
  [38/50] rand_bo_13_65s_at_7697s          old=  76.32% ( 771.6m) -> new=  93.30% ( 926.0m)
  [39/50] rand_bo_14_82s_at_3371s          old= 150.52% ( 563.8m) -> new=  45.90% ( 194.1m)
  [40/50] rand_bo_15_53s_at_2675s          old= 256.91% ( 269.3m) -> new= 156.73% ( 300.2m)
  [41/50] rand_bo_16_28s_at_5075s          old=  35.36% ( 135.0m) -> new=  44.04% ( 182.1m)
  [42/50] rand_bo_17_70s_at_1392s          old= 219.79% ( 455.5m) -> new= 112.16% ( 265.0m)
  [43/50] rand_bo_18_73s_at_7454s          old= 160.54% (1030.2m) -> new= 120.24% ( 777.1m)
  [44/50] rand_bo_19_59s_at_783s           old= 191.27% ( 671.4m) -> new= 175.51% ( 572.6m)
  [45/50] rand_bo_20_74s_at_9147s          old=  45.81% ( 579.7m) -> new=  41.48% ( 515.2m)
  [46/50] rand_bo_21_55s_at_7180s          old=  56.59% ( 281.0m) -> new=  37.10% ( 206.7m)
  [47/50] rand_bo_22_57s_at_1922s          old= 130.06% ( 292.7m) -> new= 110.91% ( 253.1m)
  [48/50] rand_bo_23_50s_at_151s           old= 108.91% ( 318.6m) -> new= 145.96% ( 521.9m)
  [49/50] rand_bo_24_22s_at_7576s          old=  45.19% (  99.0m) -> new= 294.46% ( 417.5m)
  [50/50] rand_bo_25_28s_at_6580s          old=  70.76% ( 125.6m) -> new= 222.26% ( 382.6m)
