
[S-S1] Blackout 120.0s-150.0s (30.0s):
  Distance:    510.3 m
  Final Error: 201.78 m
  RMSE Error:  84.30 m
  Drift %:     39.54%

[S-S1] Blackout 300.0s-360.0s (60.0s):
  Distance:    814.1 m
  Final Error: 328.41 m
  RMSE Error:  130.36 m
  Drift %:     40.34%

[S-S2] Blackout 120.0s-150.0s (30.0s):
  Distance:    2837.0 m
  Final Error: 725.09 m
  RMSE Error:  656.52 m
  Drift %:     25.56%

[S-S2] Blackout 300.0s-360.0s (60.0s):
  Distance:    407.4 m
  Final Error: 345.56 m
  RMSE Error:  159.38 m
  Drift %:     84.83%

[S-M] Blackout 120.0s-150.0s (30.0s):
  Distance:    61775.5 m
  Final Error: 43012.83 m
  RMSE Error:  15093.54 m
  Drift %:     69.63%
