[S-S1] Auto-detected vehicle yaw axis: +y
  Distance:    510.3 m
  Final Error: 365.96 m
  RMSE Error:  160.99 m
  Drift %:     71.72%
[S-S1] Auto-detected vehicle yaw axis: -y
  Distance:    814.1 m
  Final Error: 21.36 m
  RMSE Error:  10.51 m
  Drift %:     2.62%
[S-S2] Auto-detected vehicle yaw axis: -y
  Distance:    2837.0 m
  Final Error: 2247.66 m
  RMSE Error:  1427.70 m
  Drift %:     79.23%
[S-S2] Auto-detected vehicle yaw axis: -y
  Distance:    407.4 m
  Final Error: 453.41 m
  RMSE Error:  248.21 m
  Drift %:     111.30%
