=== CHECKS 2 & 3: DISTANCE BUCKET BREAKDOWN (METERS VS DRIFT %) ===

==========================================================================
         DISTANCE BUCKET BREAKDOWN RESULTS (CHECKS 2 & 3)                 
==========================================================================

1. Short Outages (< 200m) [Count: 11]:
   - Median Drift %:                 76.90%
   - Median Absolute Error (Meters): 95.81 m
   - Mean Absolute Error (Meters):   100.37 m

2. Medium Outages (200m - 500m) [Count: 27]:
   - Median Drift %:                 107.25%
   - Median Absolute Error (Meters): 288.27 m
   - Mean Absolute Error (Meters):   306.24 m

3. Long Outages (> 500m) [Count: 12]:
   - Median Drift %:                 51.69%
   - Median Absolute Error (Meters): 362.89 m
   - Mean Absolute Error (Meters):   647.55 m

4. Overall All 50 Scenarios [Count: 50]:
   - Combined Median Drift %:        79.23%
   - Combined Median Absolute Error: 267.72 m
   - Combined Max (Worst) Error:     2007.48 m
==========================================================================
