================================================================================
            SMARTPHONE INTELLIGENT DEAD RECKONING (SIH)            
               PRODUCTION 15-STATE ES-EKF BENCHMARK SWEEP              
================================================================================
Hardware Acceleration: cuda (NVIDIA GeForce RTX 4060 Laptop GPU)

Precomputing Neural Velocity Inferences on GPU...

Executing Production 15-State ES-EKF Benchmark Evaluation...
  [ 1/50] (  2%) rand_bo_01_75s_at_1956s          old=  30.09% ( 289.6m) -> new=  21.35% ( 205.5m)
  [ 2/50] (  4%) rand_bo_02_34s_at_4810s          old= 806.03% (  46.2m) -> new= 695.52% (  39.8m)
  [ 3/50] (  6%) rand_bo_03_56s_at_3727s          old=   7.10% (  39.0m) -> new= 105.32% ( 578.7m)
  [ 4/50] (  8%) rand_bo_04_61s_at_3066s          old= 145.05% ( 443.0m) -> new=  88.79% ( 271.2m)
  [ 5/50] ( 10%) rand_bo_05_23s_at_873s           old=  37.55% (  69.4m) -> new= 114.52% ( 211.7m)
  [ 6/50] ( 12%) rand_bo_06_63s_at_873s           old=  53.39% ( 177.7m) -> new= 119.82% ( 398.8m)
  [ 7/50] ( 14%) rand_bo_07_32s_at_388s           old=  16.69% (  63.1m) -> new=  16.90% (  63.9m)
  [ 8/50] ( 16%) rand_bo_08_25s_at_4391s          old= 104.64% (  88.3m) -> new=  91.38% (  77.1m)
  [ 9/50] ( 18%) rand_bo_09_86s_at_3078s          old= 134.95% ( 530.9m) -> new= 116.16% ( 456.9m)
  [10/50] ( 20%) rand_bo_10_88s_at_3608s          old=  58.02% ( 285.3m) -> new=  37.36% ( 183.7m)
  [11/50] ( 22%) rand_bo_11_77s_at_202s           old=  51.70% ( 465.8m) -> new=  36.37% ( 327.7m)
  [12/50] ( 24%) rand_bo_12_41s_at_4905s          old=  18.89% (  50.0m) -> new=  86.40% ( 228.9m)
  [13/50] ( 26%) rand_bo_13_27s_at_4224s          old=  87.21% ( 108.6m) -> new= 149.17% ( 185.8m)
  [14/50] ( 28%) rand_bo_14_68s_at_1152s          old=  58.11% ( 253.0m) -> new= 129.76% ( 565.1m)
  [15/50] ( 30%) rand_bo_15_51s_at_1001s          old= 123.44% ( 435.8m) -> new= 186.28% ( 657.7m)
  [16/50] ( 32%) rand_bo_16_29s_at_1009s          old=  26.50% (  58.5m) -> new= 158.79% ( 350.5m)
  [17/50] ( 34%) rand_bo_17_55s_at_1607s          old= 175.03% ( 356.6m) -> new= 206.49% ( 420.7m)
  [18/50] ( 36%) rand_bo_18_22s_at_2700s          old=  10.37% (  21.4m) -> new=  27.41% (  56.4m)
  [19/50] ( 38%) rand_bo_19_84s_at_2240s          old=  46.40% ( 319.4m) -> new=  47.52% ( 327.2m)
  [20/50] ( 40%) rand_bo_20_38s_at_1543s          old=  52.34% ( 100.3m) -> new=   8.61% (  16.5m)
  [21/50] ( 42%) rand_bo_21_66s_at_3131s          old= 153.81% ( 386.4m) -> new= 113.85% ( 286.0m)
  [22/50] ( 44%) rand_bo_22_42s_at_791s           old= 183.08% ( 495.9m) -> new= 175.12% ( 474.4m)
  [23/50] ( 46%) rand_bo_23_56s_at_1547s          old=  92.75% ( 188.5m) -> new=  42.62% (  86.6m)
  [24/50] ( 48%) rand_bo_24_58s_at_1915s          old=  14.91% (  94.3m) -> new=  50.18% ( 317.2m)
  [25/50] ( 50%) rand_bo_25_33s_at_2360s          old=  85.90% ( 222.6m) -> new= 115.34% ( 298.9m)
  [26/50] ( 52%) rand_bo_01_71s_at_8989s          old=  58.52% ( 924.7m) -> new=  77.36% (1222.4m)
  [27/50] ( 54%) rand_bo_02_74s_at_7206s          old= 115.94% ( 471.8m) -> new=  98.26% ( 399.9m)
  [28/50] ( 56%) rand_bo_03_25s_at_8713s          old=  42.97% (  93.4m) -> new=  76.44% ( 166.2m)
  [29/50] ( 58%) rand_bo_04_45s_at_8303s          old=  45.27% ( 131.3m) -> new= 134.92% ( 391.4m)
  [30/50] ( 60%) rand_bo_05_28s_at_5581s          old= 118.99% ( 227.1m) -> new= 206.22% ( 393.5m)
  [31/50] ( 62%) rand_bo_06_80s_at_8551s          old=   7.93% (  68.7m) -> new=  47.00% ( 407.2m)
  [32/50] ( 64%) rand_bo_07_64s_at_911s           old=  30.61% ( 157.6m) -> new=  49.70% ( 255.8m)
  [33/50] ( 66%) rand_bo_08_43s_at_1897s          old=  44.31% ( 114.5m) -> new=  57.27% ( 148.0m)
  [34/50] ( 68%) rand_bo_09_24s_at_515s           old= 140.32% ( 237.5m) -> new= 150.07% ( 254.0m)
  [35/50] ( 70%) rand_bo_10_42s_at_3082s          old= 253.11% ( 118.7m) -> new=  95.94% (  45.0m)
  [36/50] ( 72%) rand_bo_11_43s_at_3663s          old= 110.87% ( 107.0m) -> new= 133.58% ( 128.9m)
  [37/50] ( 74%) rand_bo_12_71s_at_2588s          old= 129.55% (1047.8m) -> new= 152.92% (1236.9m)
  [38/50] ( 76%) rand_bo_13_65s_at_7697s          old=  76.32% ( 771.6m) -> new=  54.62% ( 552.2m)
  [39/50] ( 78%) rand_bo_14_82s_at_3371s          old= 150.52% ( 563.8m) -> new= 125.77% ( 471.1m)
  [40/50] ( 80%) rand_bo_15_53s_at_2675s          old= 256.91% ( 269.3m) -> new= 157.91% ( 165.5m)
  [41/50] ( 82%) rand_bo_16_28s_at_5075s          old=  35.36% ( 135.0m) -> new=  86.54% ( 330.3m)
  [42/50] ( 84%) rand_bo_17_70s_at_1392s          old= 219.79% ( 455.5m) -> new= 157.13% ( 325.6m)
  [43/50] ( 86%) rand_bo_18_73s_at_7454s          old= 160.54% (1030.2m) -> new= 150.04% ( 962.8m)
  [44/50] ( 88%) rand_bo_19_59s_at_783s           old= 191.27% ( 671.4m) -> new= 168.95% ( 593.1m)
  [45/50] ( 90%) rand_bo_20_74s_at_9147s          old=  45.81% ( 579.7m) -> new=  80.17% (1014.4m)
  [46/50] ( 92%) rand_bo_21_55s_at_7180s          old=  56.59% ( 281.0m) -> new=  66.93% ( 332.3m)
  [47/50] ( 94%) rand_bo_22_57s_at_1922s          old= 130.06% ( 292.7m) -> new= 136.37% ( 306.9m)
  [48/50] ( 96%) rand_bo_23_50s_at_151s           old= 108.91% ( 318.6m) -> new= 153.58% ( 449.3m)
  [49/50] ( 98%) rand_bo_24_22s_at_7576s          old=  45.19% (  99.0m) -> new= 144.55% ( 316.7m)
  [50/50] (100%) rand_bo_25_28s_at_6580s          old=  70.76% ( 125.6m) -> new=  56.99% ( 101.2m)

================================================================================
                       BENCHMARK SWEEP FINAL RESULTS                       
================================================================================
 Target Baseline Requirements: Combined Median < 73.54%,  Worst-Case < 806.03%
 Production 15-State ES-EKF:  Combined Median = 109.58%,   Worst-Case = 695.52%
================================================================================
 Completed in 218.08 seconds.
