================================================================================
            SMARTPHONE INTELLIGENT DEAD RECKONING (SIH)            
               PRODUCTION 15-STATE ES-EKF BENCHMARK SWEEP              
================================================================================
Hardware Acceleration: cuda (NVIDIA GeForce RTX 4060 Laptop GPU)

Precomputing Neural Velocity Inferences on GPU...

Executing Production 15-State ES-EKF Benchmark Evaluation...
  [ 1/50] (  2%) rand_bo_01_75s_at_1956s          old=  30.09% ( 289.6m) -> new= 210.56% (2026.6m)
  [ 2/50] (  4%) rand_bo_02_34s_at_4810s          old= 806.03% (  46.2m) -> new=1015.78% (  58.2m)
  [ 3/50] (  6%) rand_bo_03_56s_at_3727s          old=   7.10% (  39.0m) -> new= 118.02% ( 648.4m)
  [ 4/50] (  8%) rand_bo_04_61s_at_3066s          old= 145.05% ( 443.0m) -> new= 102.00% ( 311.5m)
  [ 5/50] ( 10%) rand_bo_05_23s_at_873s           old=  37.55% (  69.4m) -> new=  68.82% ( 127.2m)
  [ 6/50] ( 12%) rand_bo_06_63s_at_873s           old=  53.39% ( 177.7m) -> new=  52.95% ( 176.2m)
  [ 7/50] ( 14%) rand_bo_07_32s_at_388s           old=  16.69% (  63.1m) -> new=  97.58% ( 368.8m)
  [ 8/50] ( 16%) rand_bo_08_25s_at_4391s          old= 104.64% (  88.3m) -> new= 170.09% ( 143.5m)
  [ 9/50] ( 18%) rand_bo_09_86s_at_3078s          old= 134.95% ( 530.9m) -> new= 121.64% ( 478.5m)
  [10/50] ( 20%) rand_bo_10_88s_at_3608s          old=  58.02% ( 285.3m) -> new=  72.78% ( 357.9m)
  [11/50] ( 22%) rand_bo_11_77s_at_202s           old=  51.70% ( 465.8m) -> new=  61.03% ( 549.9m)
  [12/50] ( 24%) rand_bo_12_41s_at_4905s          old=  18.89% (  50.0m) -> new= 278.49% ( 737.7m)
  [13/50] ( 26%) rand_bo_13_27s_at_4224s          old=  87.21% ( 108.6m) -> new= 439.16% ( 547.0m)
  [14/50] ( 28%) rand_bo_14_68s_at_1152s          old=  58.11% ( 253.0m) -> new= 206.99% ( 901.4m)
  [15/50] ( 30%) rand_bo_15_51s_at_1001s          old= 123.44% ( 435.8m) -> new= 120.76% ( 426.4m)
  [16/50] ( 32%) rand_bo_16_29s_at_1009s          old=  26.50% (  58.5m) -> new= 144.44% ( 318.8m)
  [17/50] ( 34%) rand_bo_17_55s_at_1607s          old= 175.03% ( 356.6m) -> new= 154.23% ( 314.3m)
  [18/50] ( 36%) rand_bo_18_22s_at_2700s          old=  10.37% (  21.4m) -> new= 228.56% ( 470.5m)
  [19/50] ( 38%) rand_bo_19_84s_at_2240s          old=  46.40% ( 319.4m) -> new=  47.61% ( 327.7m)
  [20/50] ( 40%) rand_bo_20_38s_at_1543s          old=  52.34% ( 100.3m) -> new= 141.23% ( 270.6m)
  [21/50] ( 42%) rand_bo_21_66s_at_3131s          old= 153.81% ( 386.4m) -> new= 148.30% ( 372.5m)
  [22/50] ( 44%) rand_bo_22_42s_at_791s           old= 183.08% ( 495.9m) -> new= 190.16% ( 515.1m)
  [23/50] ( 46%) rand_bo_23_56s_at_1547s          old=  92.75% ( 188.5m) -> new= 123.35% ( 250.8m)
  [24/50] ( 48%) rand_bo_24_58s_at_1915s          old=  14.91% (  94.3m) -> new= 224.41% (1418.6m)
  [25/50] ( 50%) rand_bo_25_33s_at_2360s          old=  85.90% ( 222.6m) -> new= 204.80% ( 530.7m)
  [26/50] ( 52%) rand_bo_01_71s_at_8989s          old=  58.52% ( 924.7m) -> new= 159.02% (2512.7m)
  [27/50] ( 54%) rand_bo_02_74s_at_7206s          old= 115.94% ( 471.8m) -> new=  78.04% ( 317.6m)
  [28/50] ( 56%) rand_bo_03_25s_at_8713s          old=  42.97% (  93.4m) -> new= 216.20% ( 470.2m)
  [29/50] ( 58%) rand_bo_04_45s_at_8303s          old=  45.27% ( 131.3m) -> new= 235.97% ( 684.6m)
  [30/50] ( 60%) rand_bo_05_28s_at_5581s          old= 118.99% ( 227.1m) -> new= 201.44% ( 384.4m)
  [31/50] ( 62%) rand_bo_06_80s_at_8551s          old=   7.93% (  68.7m) -> new=  19.37% ( 167.8m)
  [32/50] ( 64%) rand_bo_07_64s_at_911s           old=  30.61% ( 157.6m) -> new= 226.16% (1164.2m)
  [33/50] ( 66%) rand_bo_08_43s_at_1897s          old=  44.31% ( 114.5m) -> new=  38.69% ( 100.0m)
  [34/50] ( 68%) rand_bo_09_24s_at_515s           old= 140.32% ( 237.5m) -> new=  51.69% (  87.5m)
  [35/50] ( 70%) rand_bo_10_42s_at_3082s          old= 253.11% ( 118.7m) -> new= 454.82% ( 213.3m)
  [36/50] ( 72%) rand_bo_11_43s_at_3663s          old= 110.87% ( 107.0m) -> new= 281.71% ( 271.8m)
  [37/50] ( 74%) rand_bo_12_71s_at_2588s          old= 129.55% (1047.8m) -> new= 139.61% (1129.3m)
  [38/50] ( 76%) rand_bo_13_65s_at_7697s          old=  76.32% ( 771.6m) -> new= 173.30% (1752.1m)
  [39/50] ( 78%) rand_bo_14_82s_at_3371s          old= 150.52% ( 563.8m) -> new= 206.82% ( 774.7m)
  [40/50] ( 80%) rand_bo_15_53s_at_2675s          old= 256.91% ( 269.3m) -> new= 287.19% ( 301.0m)
  [41/50] ( 82%) rand_bo_16_28s_at_5075s          old=  35.36% ( 135.0m) -> new= 181.44% ( 692.5m)
  [42/50] ( 84%) rand_bo_17_70s_at_1392s          old= 219.79% ( 455.5m) -> new= 301.85% ( 625.5m)
  [43/50] ( 86%) rand_bo_18_73s_at_7454s          old= 160.54% (1030.2m) -> new=  38.66% ( 248.1m)
  [44/50] ( 88%) rand_bo_19_59s_at_783s           old= 191.27% ( 671.4m) -> new= 201.04% ( 705.8m)
  [45/50] ( 90%) rand_bo_20_74s_at_9147s          old=  45.81% ( 579.7m) -> new= 101.46% (1283.7m)
  [46/50] ( 92%) rand_bo_21_55s_at_7180s          old=  56.59% ( 281.0m) -> new=  24.91% ( 123.7m)
  [47/50] ( 94%) rand_bo_22_57s_at_1922s          old= 130.06% ( 292.7m) -> new= 107.42% ( 241.7m)
  [48/50] ( 96%) rand_bo_23_50s_at_151s           old= 108.91% ( 318.6m) -> new= 155.64% ( 455.4m)
  [49/50] ( 98%) rand_bo_24_22s_at_7576s          old=  45.19% (  99.0m) -> new= 252.48% ( 553.1m)
  [50/50] (100%) rand_bo_25_28s_at_6580s          old=  70.76% ( 125.6m) -> new= 233.97% ( 415.4m)

================================================================================
                       BENCHMARK SWEEP FINAL RESULTS                       
================================================================================
 Target Baseline Requirements: Combined Median < 73.54%,  Worst-Case < 806.03%
 Production 15-State ES-EKF:  Combined Median = 157.33%,   Worst-Case = 1015.78%
================================================================================
 Completed in 222.22 seconds.
